2026-05-16 10:57:38 - root: 
dataset:
  name: acdc
  kwargs:
    root_dir: data/ACDC
    labeled_num: 7
    labeled_bs: 4
    batch_size: 8
    batch_size_val: 16
    num_workers: 0
    train_transforms:
    - name: RandomGenerator
      kwargs:
        output_size: [256, 256]
        p_flip: 0.5
        p_rot: 0.5
    - {name: ToRGB}
    - name: RandomCrop
      kwargs:
        size: [256, 256]
    - name: RandomFlip
      kwargs: {p: 0}
    - name: ColorJitter
      kwargs: {brightness: 0.4, contrast: 0.4, saturation: 0.4, hue: 0.1, p: 0.5}
    val_transforms:
    - name: RandomGenerator
      kwargs:
        output_size: [256, 256]
        p_flip: 0
        p_rot: 0
    - {name: ToRGB}
model:
  name: UNetTF
  kwargs: {in_channels: 3, classes: 4, encoder_name: resnet50, encoder_weights: imagenet,
    contrast_embed: true, contrast_embed_dim: 256, contrast_embed_index: -3}
train:
  name: GCFTrainer
  kwargs:
    criterions:
    - name: DiceLoss_
      kwargs:
        weight: 0.5
        n_classes: 4
        class_weight: [0.0, 1.0, 1.0, 1.0]
    - name: CrossEntropyLoss_
      kwargs: {weight: 0.5}
    metrics:
    - name: Dice
      kwargs:
        name: Dice
        class_indexs: [0, 1, 2, 3]
        class_names: [bg, c1, c2, c3]
    - name: Jaccard
      kwargs:
        name: Jaccard
        class_indexs: [0, 1, 2, 3]
        class_names: [bg, c1, c2, c3]
    labeled_bs: 4
    consistency: 0.5
    consistency_rampup: 100.0
    max_iter: 10000
    eval_interval: 200
    save_ckpt_interval: 1000
optimizer:
  name: SGD
  kwargs: {lr: 0.01, weight_decay: 0.0005, momentum: 0.9}
scheduler:
  name: PolyLR
  kwargs: {max_iters: 10000, power: 0.9, last_epoch: -1, min_lr: 0.0001}
logger: {log_file: true, tensorboard: true}
name: gcf_unet_r50
config: configs/comparison_acdc_224_136/gcf_unet_r50.yaml
work_dir: model
resume_from: null
start_step: 0
device: cuda:5
data_parallel: false
seed: 1337
deterministic: true
ckpt_save_path: model/gcf_unet_r50_0516105738


2026-05-16 10:57:40 - root: 
UNetTF(
  (encoder): ResNetEncoder(
    (conv1): Conv2d(3, 64, kernel_size=(7, 7), stride=(2, 2), padding=(3, 3), bias=False)
    (bn1): BatchNorm2d(64, eps=1e-05, momentum=0.1, affine=True, track_running_stats=True)
    (relu): ReLU(inplace=True)
    (maxpool): MaxPool2d(kernel_size=3, stride=2, padding=1, dilation=1, ceil_mode=False)
    (layer1): Sequential(
      (0): Bottleneck(
        (conv1): Conv2d(64, 64, kernel_size=(1, 1), stride=(1, 1), bias=False)
        (bn1): BatchNorm2d(64, eps=1e-05, momentum=0.1, affine=True, track_running_stats=True)
        (conv2): Conv2d(64, 64, kernel_size=(3, 3), stride=(1, 1), padding=(1, 1), bias=False)
        (bn2): BatchNorm2d(64, eps=1e-05, momentum=0.1, affine=True, track_running_stats=True)
        (conv3): Conv2d(64, 256, kernel_size=(1, 1), stride=(1, 1), bias=False)
        (bn3): BatchNorm2d(256, eps=1e-05, momentum=0.1, affine=True, track_running_stats=True)
        (relu): ReLU(inplace=True)
        (downsample): Sequential(
          (0): Conv2d(64, 256, kernel_size=(1, 1), stride=(1, 1), bias=False)
          (1): BatchNorm2d(256, eps=1e-05, momentum=0.1, affine=True, track_running_stats=True)
        )
      )
      (1): Bottleneck(
        (conv1): Conv2d(256, 64, kernel_size=(1, 1), stride=(1, 1), bias=False)
        (bn1): BatchNorm2d(64, eps=1e-05, momentum=0.1, affine=True, track_running_stats=True)
        (conv2): Conv2d(64, 64, kernel_size=(3, 3), stride=(1, 1), padding=(1, 1), bias=False)
        (bn2): BatchNorm2d(64, eps=1e-05, momentum=0.1, affine=True, track_running_stats=True)
        (conv3): Conv2d(64, 256, kernel_size=(1, 1), stride=(1, 1), bias=False)
        (bn3): BatchNorm2d(256, eps=1e-05, momentum=0.1, affine=True, track_running_stats=True)
        (relu): ReLU(inplace=True)
      )
      (2): Bottleneck(
        (conv1): Conv2d(256, 64, kernel_size=(1, 1), stride=(1, 1), bias=False)
        (bn1): BatchNorm2d(64, eps=1e-05, momentum=0.1, affine=True, track_running_stats=True)
        (conv2): Conv2d(64, 64, kernel_size=(3, 3), stride=(1, 1), padding=(1, 1), bias=False)
        (bn2): BatchNorm2d(64, eps=1e-05, momentum=0.1, affine=True, track_running_stats=True)
        (conv3): Conv2d(64, 256, kernel_size=(1, 1), stride=(1, 1), bias=False)
        (bn3): BatchNorm2d(256, eps=1e-05, momentum=0.1, affine=True, track_running_stats=True)
        (relu): ReLU(inplace=True)
      )
    )
    (layer2): Sequential(
      (0): Bottleneck(
        (conv1): Conv2d(256, 128, kernel_size=(1, 1), stride=(1, 1), bias=False)
        (bn1): BatchNorm2d(128, eps=1e-05, momentum=0.1, affine=True, track_running_stats=True)
        (conv2): Conv2d(128, 128, kernel_size=(3, 3), stride=(2, 2), padding=(1, 1), bias=False)
        (bn2): BatchNorm2d(128, eps=1e-05, momentum=0.1, affine=True, track_running_stats=True)
        (conv3): Conv2d(128, 512, kernel_size=(1, 1), stride=(1, 1), bias=False)
        (bn3): BatchNorm2d(512, eps=1e-05, momentum=0.1, affine=True, track_running_stats=True)
        (relu): ReLU(inplace=True)
        (downsample): Sequential(
          (0): Conv2d(256, 512, kernel_size=(1, 1), stride=(2, 2), bias=False)
          (1): BatchNorm2d(512, eps=1e-05, momentum=0.1, affine=True, track_running_stats=True)
        )
      )
      (1): Bottleneck(
        (conv1): Conv2d(512, 128, kernel_size=(1, 1), stride=(1, 1), bias=False)
        (bn1): BatchNorm2d(128, eps=1e-05, momentum=0.1, affine=True, track_running_stats=True)
        (conv2): Conv2d(128, 128, kernel_size=(3, 3), stride=(1, 1), padding=(1, 1), bias=False)
        (bn2): BatchNorm2d(128, eps=1e-05, momentum=0.1, affine=True, track_running_stats=True)
        (conv3): Conv2d(128, 512, kernel_size=(1, 1), stride=(1, 1), bias=False)
        (bn3): BatchNorm2d(512, eps=1e-05, momentum=0.1, affine=True, track_running_stats=True)
        (relu): ReLU(inplace=True)
      )
      (2): Bottleneck(
        (conv1): Conv2d(512, 128, kernel_size=(1, 1), stride=(1, 1), bias=False)
        (bn1): BatchNorm2d(128, eps=1e-05, momentum=0.1, affine=True, track_running_stats=True)
        (conv2): Conv2d(128, 128, kernel_size=(3, 3), stride=(1, 1), padding=(1, 1), bias=False)
        (bn2): BatchNorm2d(128, eps=1e-05, momentum=0.1, affine=True, track_running_stats=True)
        (conv3): Conv2d(128, 512, kernel_size=(1, 1), stride=(1, 1), bias=False)
        (bn3): BatchNorm2d(512, eps=1e-05, momentum=0.1, affine=True, track_running_stats=True)
        (relu): ReLU(inplace=True)
      )
      (3): Bottleneck(
        (conv1): Conv2d(512, 128, kernel_size=(1, 1), stride=(1, 1), bias=False)
        (bn1): BatchNorm2d(128, eps=1e-05, momentum=0.1, affine=True, track_running_stats=True)
        (conv2): Conv2d(128, 128, kernel_size=(3, 3), stride=(1, 1), padding=(1, 1), bias=False)
        (bn2): BatchNorm2d(128, eps=1e-05, momentum=0.1, affine=True, track_running_stats=True)
        (conv3): Conv2d(128, 512, kernel_size=(1, 1), stride=(1, 1), bias=False)
        (bn3): BatchNorm2d(512, eps=1e-05, momentum=0.1, affine=True, track_running_stats=True)
        (relu): ReLU(inplace=True)
      )
    )
    (layer3): Sequential(
      (0): Bottleneck(
        (conv1): Conv2d(512, 256, kernel_size=(1, 1), stride=(1, 1), bias=False)
        (bn1): BatchNorm2d(256, eps=1e-05, momentum=0.1, affine=True, track_running_stats=True)
        (conv2): Conv2d(256, 256, kernel_size=(3, 3), stride=(2, 2), padding=(1, 1), bias=False)
        (bn2): BatchNorm2d(256, eps=1e-05, momentum=0.1, affine=True, track_running_stats=True)
        (conv3): Conv2d(256, 1024, kernel_size=(1, 1), stride=(1, 1), bias=False)
        (bn3): BatchNorm2d(1024, eps=1e-05, momentum=0.1, affine=True, track_running_stats=True)
        (relu): ReLU(inplace=True)
        (downsample): Sequential(
          (0): Conv2d(512, 1024, kernel_size=(1, 1), stride=(2, 2), bias=False)
          (1): BatchNorm2d(1024, eps=1e-05, momentum=0.1, affine=True, track_running_stats=True)
        )
      )
      (1): Bottleneck(
        (conv1): Conv2d(1024, 256, kernel_size=(1, 1), stride=(1, 1), bias=False)
        (bn1): BatchNorm2d(256, eps=1e-05, momentum=0.1, affine=True, track_running_stats=True)
        (conv2): Conv2d(256, 256, kernel_size=(3, 3), stride=(1, 1), padding=(1, 1), bias=False)
        (bn2): BatchNorm2d(256, eps=1e-05, momentum=0.1, affine=True, track_running_stats=True)
        (conv3): Conv2d(256, 1024, kernel_size=(1, 1), stride=(1, 1), bias=False)
        (bn3): BatchNorm2d(1024, eps=1e-05, momentum=0.1, affine=True, track_running_stats=True)
        (relu): ReLU(inplace=True)
      )
      (2): Bottleneck(
        (conv1): Conv2d(1024, 256, kernel_size=(1, 1), stride=(1, 1), bias=False)
        (bn1): BatchNorm2d(256, eps=1e-05, momentum=0.1, affine=True, track_running_stats=True)
        (conv2): Conv2d(256, 256, kernel_size=(3, 3), stride=(1, 1), padding=(1, 1), bias=False)
        (bn2): BatchNorm2d(256, eps=1e-05, momentum=0.1, affine=True, track_running_stats=True)
        (conv3): Conv2d(256, 1024, kernel_size=(1, 1), stride=(1, 1), bias=False)
        (bn3): BatchNorm2d(1024, eps=1e-05, momentum=0.1, affine=True, track_running_stats=True)
        (relu): ReLU(inplace=True)
      )
      (3): Bottleneck(
        (conv1): Conv2d(1024, 256, kernel_size=(1, 1), stride=(1, 1), bias=False)
        (bn1): BatchNorm2d(256, eps=1e-05, momentum=0.1, affine=True, track_running_stats=True)
        (conv2): Conv2d(256, 256, kernel_size=(3, 3), stride=(1, 1), padding=(1, 1), bias=False)
        (bn2): BatchNorm2d(256, eps=1e-05, momentum=0.1, affine=True, track_running_stats=True)
        (conv3): Conv2d(256, 1024, kernel_size=(1, 1), stride=(1, 1), bias=False)
        (bn3): BatchNorm2d(1024, eps=1e-05, momentum=0.1, affine=True, track_running_stats=True)
        (relu): ReLU(inplace=True)
      )
      (4): Bottleneck(
        (conv1): Conv2d(1024, 256, kernel_size=(1, 1), stride=(1, 1), bias=False)
        (bn1): BatchNorm2d(256, eps=1e-05, momentum=0.1, affine=True, track_running_stats=True)
        (conv2): Conv2d(256, 256, kernel_size=(3, 3), stride=(1, 1), padding=(1, 1), bias=False)
        (bn2): BatchNorm2d(256, eps=1e-05, momentum=0.1, affine=True, track_running_stats=True)
        (conv3): Conv2d(256, 1024, kernel_size=(1, 1), stride=(1, 1), bias=False)
        (bn3): BatchNorm2d(1024, eps=1e-05, momentum=0.1, affine=True, track_running_stats=True)
        (relu): ReLU(inplace=True)
      )
      (5): Bottleneck(
        (conv1): Conv2d(1024, 256, kernel_size=(1, 1), stride=(1, 1), bias=False)
        (bn1): BatchNorm2d(256, eps=1e-05, momentum=0.1, affine=True, track_running_stats=True)
        (conv2): Conv2d(256, 256, kernel_size=(3, 3), stride=(1, 1), padding=(1, 1), bias=False)
        (bn2): BatchNorm2d(256, eps=1e-05, momentum=0.1, affine=True, track_running_stats=True)
        (conv3): Conv2d(256, 1024, kernel_size=(1, 1), stride=(1, 1), bias=False)
        (bn3): BatchNorm2d(1024, eps=1e-05, momentum=0.1, affine=True, track_running_stats=True)
        (relu): ReLU(inplace=True)
      )
    )
    (layer4): Sequential(
      (0): Bottleneck(
        (conv1): Conv2d(1024, 512, kernel_size=(1, 1), stride=(1, 1), bias=False)
        (bn1): BatchNorm2d(512, eps=1e-05, momentum=0.1, affine=True, track_running_stats=True)
        (conv2): Conv2d(512, 512, kernel_size=(3, 3), stride=(2, 2), padding=(1, 1), bias=False)
        (bn2): BatchNorm2d(512, eps=1e-05, momentum=0.1, affine=True, track_running_stats=True)
        (conv3): Conv2d(512, 2048, kernel_size=(1, 1), stride=(1, 1), bias=False)
        (bn3): BatchNorm2d(2048, eps=1e-05, momentum=0.1, affine=True, track_running_stats=True)
        (relu): ReLU(inplace=True)
        (downsample): Sequential(
          (0): Conv2d(1024, 2048, kernel_size=(1, 1), stride=(2, 2), bias=False)
          (1): BatchNorm2d(2048, eps=1e-05, momentum=0.1, affine=True, track_running_stats=True)
        )
      )
      (1): Bottleneck(
        (conv1): Conv2d(2048, 512, kernel_size=(1, 1), stride=(1, 1), bias=False)
        (bn1): BatchNorm2d(512, eps=1e-05, momentum=0.1, affine=True, track_running_stats=True)
        (conv2): Conv2d(512, 512, kernel_size=(3, 3), stride=(1, 1), padding=(1, 1), bias=False)
        (bn2): BatchNorm2d(512, eps=1e-05, momentum=0.1, affine=True, track_running_stats=True)
        (conv3): Conv2d(512, 2048, kernel_size=(1, 1), stride=(1, 1), bias=False)
        (bn3): BatchNorm2d(2048, eps=1e-05, momentum=0.1, affine=True, track_running_stats=True)
        (relu): ReLU(inplace=True)
      )
      (2): Bottleneck(
        (conv1): Conv2d(2048, 512, kernel_size=(1, 1), stride=(1, 1), bias=False)
        (bn1): BatchNorm2d(512, eps=1e-05, momentum=0.1, affine=True, track_running_stats=True)
        (conv2): Conv2d(512, 512, kernel_size=(3, 3), stride=(1, 1), padding=(1, 1), bias=False)
        (bn2): BatchNorm2d(512, eps=1e-05, momentum=0.1, affine=True, track_running_stats=True)
        (conv3): Conv2d(512, 2048, kernel_size=(1, 1), stride=(1, 1), bias=False)
        (bn3): BatchNorm2d(2048, eps=1e-05, momentum=0.1, affine=True, track_running_stats=True)
        (relu): ReLU(inplace=True)
      )
    )
    (avgpool): AdaptiveAvgPool2d(output_size=(1, 1))
  )
  (swin_decoder1): SwinTransDecoder(
    (pos_drop): Dropout(p=0.0, inplace=False)
    (layers_up): ModuleList(
      (0): BasicLayer_up(
        (blocks): ModuleList(
          (0): SwinTransformerBlock(
            dim=768, input_resolution=(8, 8), num_heads=24, window_size=8, shift_size=0, mlp_ratio=4.0
            (norm1): LayerNorm((768,), eps=1e-05, elementwise_affine=True)
            (attn): WindowAttention(
              dim=768, window_size=(8, 8), num_heads=24
              (qkv): Linear(in_features=768, out_features=2304, bias=True)
              (attn_drop): Dropout(p=0.0, inplace=False)
              (proj): Linear(in_features=768, out_features=768, bias=True)
              (proj_drop): Dropout(p=0.0, inplace=False)
              (softmax): Softmax(dim=-1)
            )
            (drop_path): DropPath(drop_prob=0.086)
            (norm2): LayerNorm((768,), eps=1e-05, elementwise_affine=True)
            (mlp): Mlp(
              (fc1): Linear(in_features=768, out_features=3072, bias=True)
              (act): GELU(approximate='none')
              (fc2): Linear(in_features=3072, out_features=768, bias=True)
              (drop): Dropout(p=0.0, inplace=False)
            )
          )
          (1): SwinTransformerBlock(
            dim=768, input_resolution=(8, 8), num_heads=24, window_size=8, shift_size=0, mlp_ratio=4.0
            (norm1): LayerNorm((768,), eps=1e-05, elementwise_affine=True)
            (attn): WindowAttention(
              dim=768, window_size=(8, 8), num_heads=24
              (qkv): Linear(in_features=768, out_features=2304, bias=True)
              (attn_drop): Dropout(p=0.0, inplace=False)
              (proj): Linear(in_features=768, out_features=768, bias=True)
              (proj_drop): Dropout(p=0.0, inplace=False)
              (softmax): Softmax(dim=-1)
            )
            (drop_path): DropPath(drop_prob=0.100)
            (norm2): LayerNorm((768,), eps=1e-05, elementwise_affine=True)
            (mlp): Mlp(
              (fc1): Linear(in_features=768, out_features=3072, bias=True)
              (act): GELU(approximate='none')
              (fc2): Linear(in_features=3072, out_features=768, bias=True)
              (drop): Dropout(p=0.0, inplace=False)
            )
          )
        )
        (upsample): PatchExpand(
          (expand): Linear(in_features=768, out_features=1536, bias=False)
          (norm): LayerNorm((384,), eps=1e-05, elementwise_affine=True)
        )
      )
      (1): BasicLayer_up(
        (blocks): ModuleList(
          (0): SwinTransformerBlock(
            dim=384, input_resolution=(16, 16), num_heads=12, window_size=8, shift_size=0, mlp_ratio=4.0
            (norm1): LayerNorm((384,), eps=1e-05, elementwise_affine=True)
            (attn): WindowAttention(
              dim=384, window_size=(8, 8), num_heads=12
              (qkv): Linear(in_features=384, out_features=1152, bias=True)
              (attn_drop): Dropout(p=0.0, inplace=False)
              (proj): Linear(in_features=384, out_features=384, bias=True)
              (proj_drop): Dropout(p=0.0, inplace=False)
              (softmax): Softmax(dim=-1)
            )
            (drop_path): DropPath(drop_prob=0.057)
            (norm2): LayerNorm((384,), eps=1e-05, elementwise_affine=True)
            (mlp): Mlp(
              (fc1): Linear(in_features=384, out_features=1536, bias=True)
              (act): GELU(approximate='none')
              (fc2): Linear(in_features=1536, out_features=384, bias=True)
              (drop): Dropout(p=0.0, inplace=False)
            )
          )
          (1): SwinTransformerBlock(
            dim=384, input_resolution=(16, 16), num_heads=12, window_size=8, shift_size=4, mlp_ratio=4.0
            (norm1): LayerNorm((384,), eps=1e-05, elementwise_affine=True)
            (attn): WindowAttention(
              dim=384, window_size=(8, 8), num_heads=12
              (qkv): Linear(in_features=384, out_features=1152, bias=True)
              (attn_drop): Dropout(p=0.0, inplace=False)
              (proj): Linear(in_features=384, out_features=384, bias=True)
              (proj_drop): Dropout(p=0.0, inplace=False)
              (softmax): Softmax(dim=-1)
            )
            (drop_path): DropPath(drop_prob=0.071)
            (norm2): LayerNorm((384,), eps=1e-05, elementwise_affine=True)
            (mlp): Mlp(
              (fc1): Linear(in_features=384, out_features=1536, bias=True)
              (act): GELU(approximate='none')
              (fc2): Linear(in_features=1536, out_features=384, bias=True)
              (drop): Dropout(p=0.0, inplace=False)
            )
          )
        )
        (upsample): PatchExpand(
          (expand): Linear(in_features=384, out_features=768, bias=False)
          (norm): LayerNorm((192,), eps=1e-05, elementwise_affine=True)
        )
      )
      (2): BasicLayer_up(
        (blocks): ModuleList(
          (0): SwinTransformerBlock(
            dim=192, input_resolution=(32, 32), num_heads=6, window_size=8, shift_size=0, mlp_ratio=4.0
            (norm1): LayerNorm((192,), eps=1e-05, elementwise_affine=True)
            (attn): WindowAttention(
              dim=192, window_size=(8, 8), num_heads=6
              (qkv): Linear(in_features=192, out_features=576, bias=True)
              (attn_drop): Dropout(p=0.0, inplace=False)
              (proj): Linear(in_features=192, out_features=192, bias=True)
              (proj_drop): Dropout(p=0.0, inplace=False)
              (softmax): Softmax(dim=-1)
            )
            (drop_path): DropPath(drop_prob=0.029)
            (norm2): LayerNorm((192,), eps=1e-05, elementwise_affine=True)
            (mlp): Mlp(
              (fc1): Linear(in_features=192, out_features=768, bias=True)
              (act): GELU(approximate='none')
              (fc2): Linear(in_features=768, out_features=192, bias=True)
              (drop): Dropout(p=0.0, inplace=False)
            )
          )
          (1): SwinTransformerBlock(
            dim=192, input_resolution=(32, 32), num_heads=6, window_size=8, shift_size=4, mlp_ratio=4.0
            (norm1): LayerNorm((192,), eps=1e-05, elementwise_affine=True)
            (attn): WindowAttention(
              dim=192, window_size=(8, 8), num_heads=6
              (qkv): Linear(in_features=192, out_features=576, bias=True)
              (attn_drop): Dropout(p=0.0, inplace=False)
              (proj): Linear(in_features=192, out_features=192, bias=True)
              (proj_drop): Dropout(p=0.0, inplace=False)
              (softmax): Softmax(dim=-1)
            )
            (drop_path): DropPath(drop_prob=0.043)
            (norm2): LayerNorm((192,), eps=1e-05, elementwise_affine=True)
            (mlp): Mlp(
              (fc1): Linear(in_features=192, out_features=768, bias=True)
              (act): GELU(approximate='none')
              (fc2): Linear(in_features=768, out_features=192, bias=True)
              (drop): Dropout(p=0.0, inplace=False)
            )
          )
        )
        (upsample): PatchExpand(
          (expand): Linear(in_features=192, out_features=384, bias=False)
          (norm): LayerNorm((96,), eps=1e-05, elementwise_affine=True)
        )
      )
      (3): BasicLayer_up(
        (blocks): ModuleList(
          (0): SwinTransformerBlock(
            dim=96, input_resolution=(64, 64), num_heads=3, window_size=8, shift_size=0, mlp_ratio=4.0
            (norm1): LayerNorm((96,), eps=1e-05, elementwise_affine=True)
            (attn): WindowAttention(
              dim=96, window_size=(8, 8), num_heads=3
              (qkv): Linear(in_features=96, out_features=288, bias=True)
              (attn_drop): Dropout(p=0.0, inplace=False)
              (proj): Linear(in_features=96, out_features=96, bias=True)
              (proj_drop): Dropout(p=0.0, inplace=False)
              (softmax): Softmax(dim=-1)
            )
            (drop_path): Identity()
            (norm2): LayerNorm((96,), eps=1e-05, elementwise_affine=True)
            (mlp): Mlp(
              (fc1): Linear(in_features=96, out_features=384, bias=True)
              (act): GELU(approximate='none')
              (fc2): Linear(in_features=384, out_features=96, bias=True)
              (drop): Dropout(p=0.0, inplace=False)
            )
          )
          (1): SwinTransformerBlock(
            dim=96, input_resolution=(64, 64), num_heads=3, window_size=8, shift_size=4, mlp_ratio=4.0
            (norm1): LayerNorm((96,), eps=1e-05, elementwise_affine=True)
            (attn): WindowAttention(
              dim=96, window_size=(8, 8), num_heads=3
              (qkv): Linear(in_features=96, out_features=288, bias=True)
              (attn_drop): Dropout(p=0.0, inplace=False)
              (proj): Linear(in_features=96, out_features=96, bias=True)
              (proj_drop): Dropout(p=0.0, inplace=False)
              (softmax): Softmax(dim=-1)
            )
            (drop_path): DropPath(drop_prob=0.014)
            (norm2): LayerNorm((96,), eps=1e-05, elementwise_affine=True)
            (mlp): Mlp(
              (fc1): Linear(in_features=96, out_features=384, bias=True)
              (act): GELU(approximate='none')
              (fc2): Linear(in_features=384, out_features=96, bias=True)
              (drop): Dropout(p=0.0, inplace=False)
            )
          )
        )
      )
    )
    (concat_back_dim): ModuleList(
      (0): Identity()
      (1): Linear(in_features=768, out_features=384, bias=True)
      (2): Linear(in_features=384, out_features=192, bias=True)
      (3): Linear(in_features=192, out_features=96, bias=True)
    )
    (patches_embed): ModuleList(
      (0): PatchEmbed(
        (proj): Conv2d(256, 96, kernel_size=(1, 1), stride=(1, 1))
        (norm): LayerNorm((96,), eps=1e-05, elementwise_affine=True)
      )
      (1): PatchEmbed(
        (proj): Conv2d(512, 192, kernel_size=(1, 1), stride=(1, 1))
        (norm): LayerNorm((192,), eps=1e-05, elementwise_affine=True)
      )
      (2): PatchEmbed(
        (proj): Conv2d(1024, 384, kernel_size=(1, 1), stride=(1, 1))
        (norm): LayerNorm((384,), eps=1e-05, elementwise_affine=True)
      )
      (3): PatchEmbed(
        (proj): Conv2d(2048, 768, kernel_size=(1, 1), stride=(1, 1))
        (norm): LayerNorm((768,), eps=1e-05, elementwise_affine=True)
      )
    )
    (norm): LayerNorm((768,), eps=1e-05, elementwise_affine=True)
    (norm_up): LayerNorm((96,), eps=1e-05, elementwise_affine=True)
    (up): FinalPatchExpand_X4(
      (expand): Linear(in_features=96, out_features=1536, bias=False)
      (norm): LayerNorm((96,), eps=1e-05, elementwise_affine=True)
    )
    (output): Conv2d(96, 4, kernel_size=(1, 1), stride=(1, 1), bias=False)
  )
  (swin_decoder2): SwinTransDecoder(
    (pos_drop): Dropout(p=0.0, inplace=False)
    (layers_up): ModuleList(
      (0): BasicLayer_up(
        (blocks): ModuleList(
          (0): SwinTransformerBlock(
            dim=768, input_resolution=(8, 8), num_heads=24, window_size=8, shift_size=0, mlp_ratio=4.0
            (norm1): LayerNorm((768,), eps=1e-05, elementwise_affine=True)
            (attn): WindowAttention(
              dim=768, window_size=(8, 8), num_heads=24
              (qkv): Linear(in_features=768, out_features=2304, bias=True)
              (attn_drop): Dropout(p=0.0, inplace=False)
              (proj): Linear(in_features=768, out_features=768, bias=True)
              (proj_drop): Dropout(p=0.0, inplace=False)
              (softmax): Softmax(dim=-1)
            )
            (drop_path): DropPath(drop_prob=0.086)
            (norm2): LayerNorm((768,), eps=1e-05, elementwise_affine=True)
            (mlp): Mlp(
              (fc1): Linear(in_features=768, out_features=3072, bias=True)
              (act): GELU(approximate='none')
              (fc2): Linear(in_features=3072, out_features=768, bias=True)
              (drop): Dropout(p=0.0, inplace=False)
            )
          )
          (1): SwinTransformerBlock(
            dim=768, input_resolution=(8, 8), num_heads=24, window_size=8, shift_size=0, mlp_ratio=4.0
            (norm1): LayerNorm((768,), eps=1e-05, elementwise_affine=True)
            (attn): WindowAttention(
              dim=768, window_size=(8, 8), num_heads=24
              (qkv): Linear(in_features=768, out_features=2304, bias=True)
              (attn_drop): Dropout(p=0.0, inplace=False)
              (proj): Linear(in_features=768, out_features=768, bias=True)
              (proj_drop): Dropout(p=0.0, inplace=False)
              (softmax): Softmax(dim=-1)
            )
            (drop_path): DropPath(drop_prob=0.100)
            (norm2): LayerNorm((768,), eps=1e-05, elementwise_affine=True)
            (mlp): Mlp(
              (fc1): Linear(in_features=768, out_features=3072, bias=True)
              (act): GELU(approximate='none')
              (fc2): Linear(in_features=3072, out_features=768, bias=True)
              (drop): Dropout(p=0.0, inplace=False)
            )
          )
        )
        (upsample): PatchExpand(
          (expand): Linear(in_features=768, out_features=1536, bias=False)
          (norm): LayerNorm((384,), eps=1e-05, elementwise_affine=True)
        )
      )
      (1): BasicLayer_up(
        (blocks): ModuleList(
          (0): SwinTransformerBlock(
            dim=384, input_resolution=(16, 16), num_heads=12, window_size=8, shift_size=0, mlp_ratio=4.0
            (norm1): LayerNorm((384,), eps=1e-05, elementwise_affine=True)
            (attn): WindowAttention(
              dim=384, window_size=(8, 8), num_heads=12
              (qkv): Linear(in_features=384, out_features=1152, bias=True)
              (attn_drop): Dropout(p=0.0, inplace=False)
              (proj): Linear(in_features=384, out_features=384, bias=True)
              (proj_drop): Dropout(p=0.0, inplace=False)
              (softmax): Softmax(dim=-1)
            )
            (drop_path): DropPath(drop_prob=0.057)
            (norm2): LayerNorm((384,), eps=1e-05, elementwise_affine=True)
            (mlp): Mlp(
              (fc1): Linear(in_features=384, out_features=1536, bias=True)
              (act): GELU(approximate='none')
              (fc2): Linear(in_features=1536, out_features=384, bias=True)
              (drop): Dropout(p=0.0, inplace=False)
            )
          )
          (1): SwinTransformerBlock(
            dim=384, input_resolution=(16, 16), num_heads=12, window_size=8, shift_size=4, mlp_ratio=4.0
            (norm1): LayerNorm((384,), eps=1e-05, elementwise_affine=True)
            (attn): WindowAttention(
              dim=384, window_size=(8, 8), num_heads=12
              (qkv): Linear(in_features=384, out_features=1152, bias=True)
              (attn_drop): Dropout(p=0.0, inplace=False)
              (proj): Linear(in_features=384, out_features=384, bias=True)
              (proj_drop): Dropout(p=0.0, inplace=False)
              (softmax): Softmax(dim=-1)
            )
            (drop_path): DropPath(drop_prob=0.071)
            (norm2): LayerNorm((384,), eps=1e-05, elementwise_affine=True)
            (mlp): Mlp(
              (fc1): Linear(in_features=384, out_features=1536, bias=True)
              (act): GELU(approximate='none')
              (fc2): Linear(in_features=1536, out_features=384, bias=True)
              (drop): Dropout(p=0.0, inplace=False)
            )
          )
        )
        (upsample): PatchExpand(
          (expand): Linear(in_features=384, out_features=768, bias=False)
          (norm): LayerNorm((192,), eps=1e-05, elementwise_affine=True)
        )
      )
      (2): BasicLayer_up(
        (blocks): ModuleList(
          (0): SwinTransformerBlock(
            dim=192, input_resolution=(32, 32), num_heads=6, window_size=8, shift_size=0, mlp_ratio=4.0
            (norm1): LayerNorm((192,), eps=1e-05, elementwise_affine=True)
            (attn): WindowAttention(
              dim=192, window_size=(8, 8), num_heads=6
              (qkv): Linear(in_features=192, out_features=576, bias=True)
              (attn_drop): Dropout(p=0.0, inplace=False)
              (proj): Linear(in_features=192, out_features=192, bias=True)
              (proj_drop): Dropout(p=0.0, inplace=False)
              (softmax): Softmax(dim=-1)
            )
            (drop_path): DropPath(drop_prob=0.029)
            (norm2): LayerNorm((192,), eps=1e-05, elementwise_affine=True)
            (mlp): Mlp(
              (fc1): Linear(in_features=192, out_features=768, bias=True)
              (act): GELU(approximate='none')
              (fc2): Linear(in_features=768, out_features=192, bias=True)
              (drop): Dropout(p=0.0, inplace=False)
            )
          )
          (1): SwinTransformerBlock(
            dim=192, input_resolution=(32, 32), num_heads=6, window_size=8, shift_size=4, mlp_ratio=4.0
            (norm1): LayerNorm((192,), eps=1e-05, elementwise_affine=True)
            (attn): WindowAttention(
              dim=192, window_size=(8, 8), num_heads=6
              (qkv): Linear(in_features=192, out_features=576, bias=True)
              (attn_drop): Dropout(p=0.0, inplace=False)
              (proj): Linear(in_features=192, out_features=192, bias=True)
              (proj_drop): Dropout(p=0.0, inplace=False)
              (softmax): Softmax(dim=-1)
            )
            (drop_path): DropPath(drop_prob=0.043)
            (norm2): LayerNorm((192,), eps=1e-05, elementwise_affine=True)
            (mlp): Mlp(
              (fc1): Linear(in_features=192, out_features=768, bias=True)
              (act): GELU(approximate='none')
              (fc2): Linear(in_features=768, out_features=192, bias=True)
              (drop): Dropout(p=0.0, inplace=False)
            )
          )
        )
        (upsample): PatchExpand(
          (expand): Linear(in_features=192, out_features=384, bias=False)
          (norm): LayerNorm((96,), eps=1e-05, elementwise_affine=True)
        )
      )
      (3): BasicLayer_up(
        (blocks): ModuleList(
          (0): SwinTransformerBlock(
            dim=96, input_resolution=(64, 64), num_heads=3, window_size=8, shift_size=0, mlp_ratio=4.0
            (norm1): LayerNorm((96,), eps=1e-05, elementwise_affine=True)
            (attn): WindowAttention(
              dim=96, window_size=(8, 8), num_heads=3
              (qkv): Linear(in_features=96, out_features=288, bias=True)
              (attn_drop): Dropout(p=0.0, inplace=False)
              (proj): Linear(in_features=96, out_features=96, bias=True)
              (proj_drop): Dropout(p=0.0, inplace=False)
              (softmax): Softmax(dim=-1)
            )
            (drop_path): Identity()
            (norm2): LayerNorm((96,), eps=1e-05, elementwise_affine=True)
            (mlp): Mlp(
              (fc1): Linear(in_features=96, out_features=384, bias=True)
              (act): GELU(approximate='none')
              (fc2): Linear(in_features=384, out_features=96, bias=True)
              (drop): Dropout(p=0.0, inplace=False)
            )
          )
          (1): SwinTransformerBlock(
            dim=96, input_resolution=(64, 64), num_heads=3, window_size=8, shift_size=4, mlp_ratio=4.0
            (norm1): LayerNorm((96,), eps=1e-05, elementwise_affine=True)
            (attn): WindowAttention(
              dim=96, window_size=(8, 8), num_heads=3
              (qkv): Linear(in_features=96, out_features=288, bias=True)
              (attn_drop): Dropout(p=0.0, inplace=False)
              (proj): Linear(in_features=96, out_features=96, bias=True)
              (proj_drop): Dropout(p=0.0, inplace=False)
              (softmax): Softmax(dim=-1)
            )
            (drop_path): DropPath(drop_prob=0.014)
            (norm2): LayerNorm((96,), eps=1e-05, elementwise_affine=True)
            (mlp): Mlp(
              (fc1): Linear(in_features=96, out_features=384, bias=True)
              (act): GELU(approximate='none')
              (fc2): Linear(in_features=384, out_features=96, bias=True)
              (drop): Dropout(p=0.0, inplace=False)
            )
          )
        )
      )
    )
    (concat_back_dim): ModuleList(
      (0): Identity()
      (1): Linear(in_features=768, out_features=384, bias=True)
      (2): Linear(in_features=384, out_features=192, bias=True)
      (3): Linear(in_features=192, out_features=96, bias=True)
    )
    (patches_embed): ModuleList(
      (0): PatchEmbed(
        (proj): Conv2d(256, 96, kernel_size=(1, 1), stride=(1, 1))
        (norm): LayerNorm((96,), eps=1e-05, elementwise_affine=True)
      )
      (1): PatchEmbed(
        (proj): Conv2d(512, 192, kernel_size=(1, 1), stride=(1, 1))
        (norm): LayerNorm((192,), eps=1e-05, elementwise_affine=True)
      )
      (2): PatchEmbed(
        (proj): Conv2d(1024, 384, kernel_size=(1, 1), stride=(1, 1))
        (norm): LayerNorm((384,), eps=1e-05, elementwise_affine=True)
      )
      (3): PatchEmbed(
        (proj): Conv2d(2048, 768, kernel_size=(1, 1), stride=(1, 1))
        (norm): LayerNorm((768,), eps=1e-05, elementwise_affine=True)
      )
    )
    (norm): LayerNorm((768,), eps=1e-05, elementwise_affine=True)
    (norm_up): LayerNorm((96,), eps=1e-05, elementwise_affine=True)
    (up): FinalPatchExpand_X4(
      (expand): Linear(in_features=96, out_features=1536, bias=False)
      (norm): LayerNorm((96,), eps=1e-05, elementwise_affine=True)
    )
    (output): Conv2d(96, 4, kernel_size=(1, 1), stride=(1, 1), bias=False)
  )
  (rotation_head): SimpleRotationHead(
    (reduce): Conv2d(2048, 128, kernel_size=(1, 1), stride=(1, 1))
    (fc): Linear(in_features=8192, out_features=256, bias=True)
  )
)

2026-05-16 10:57:40 - root: start training...
2026-05-16 10:57:50 - root: [10/10000] {'loss/sup': 1.9559, 'loss/rot': 0.9455, 'loss/unsup': 1.0137, 'loss/attn_cons': '1.03e-02', 'loss/total': 2.4663, 'cps_weight': 0.0067, 'acc/rot': 0.9375, 'lr': 0.009991000449834959}
